#-----------------------------------------------------------
# Vivado v2021.1 (64-bit)
# SW Build 3247384 on Thu Jun 10 19:36:33 MDT 2021
# IP Build 3246043 on Fri Jun 11 00:30:35 MDT 2021
# Start of session at: Fri Jul 29 17:23:05 2022
# Process ID: 25316
# Current directory: C:/Users/rvele/AppData/Roaming/Xilinx/Vivado
# Command line: vivado.exe -gui_launcher_event rodinguilauncherevent25692
# Log file: C:/Users/rvele/AppData/Roaming/Xilinx/Vivado/vivado.log
# Journal file: C:/Users/rvele/AppData/Roaming/Xilinx/Vivado\vivado.jou
#-----------------------------------------------------------
start_gui
source {D:/WorkRaduV/Projects/Zybo-Z7/hw/scripts/checkout.tcl}
update_compile_order -fileset sources_1
launch_runs impl_1 -to_step write_bitstream -jobs 25
wait_on_run impl_1
write_hw_platform -fixed -include_bit -force -file D:/WorkRaduV/Projects/Zybo-Z7/hw/hw_handoff/system_wrapper.xsa
archive_project D:/WorkRaduV/Projects/Zybo-Z7/hw/Zybo-Z7-10-DMA-hw.xpr.zip -temp_dir C:/Users/rvele/AppData/Roaming/Xilinx/Vivado/.Xil/Vivado-25316-sim-ro -force -include_local_ip_cache -include_config_settings
